[17:34:13] data ready: pool 2000, test 200 per family
[17:34:28] solver convergence done
[17:35:10] sweep deeponet n=   50 seed=0: mean 2.17e-01 median 1.58e-01 (41s)
[17:36:55] sweep fno      n=   50 seed=0: mean 4.62e-02 median 3.13e-02 (103s)
[17:37:29] sweep deeponet n=   50 seed=1: mean 1.56e-01 median 1.32e-01 (35s)
[17:38:59] sweep fno      n=   50 seed=1: mean 7.47e-02 median 5.60e-02 (90s)
[17:39:35] sweep deeponet n=   50 seed=2: mean 1.62e-01 median 1.36e-01 (36s)
[17:41:02] sweep fno      n=   50 seed=2: mean 5.14e-02 median 3.18e-02 (87s)
[17:41:36] sweep deeponet n=  100 seed=0: mean 9.52e-02 median 7.55e-02 (34s)
[17:43:02] sweep fno      n=  100 seed=0: mean 2.49e-02 median 1.68e-02 (85s)
[17:43:35] sweep deeponet n=  100 seed=1: mean 9.89e-02 median 7.20e-02 (34s)
[17:45:00] sweep fno      n=  100 seed=1: mean 2.73e-02 median 1.67e-02 (85s)
[17:45:34] sweep deeponet n=  100 seed=2: mean 9.50e-02 median 7.88e-02 (34s)
[17:47:02] sweep fno      n=  100 seed=2: mean 2.20e-02 median 1.29e-02 (88s)
[17:47:37] sweep deeponet n=  250 seed=0: mean 4.80e-02 median 2.80e-02 (35s)
[17:49:06] sweep fno      n=  250 seed=0: mean 1.15e-02 median 6.44e-03 (89s)
[17:49:43] sweep deeponet n=  250 seed=1: mean 4.26e-02 median 2.72e-02 (37s)
[17:51:09] sweep fno      n=  250 seed=1: mean 9.78e-03 median 5.92e-03 (85s)
[17:51:42] sweep deeponet n=  250 seed=2: mean 5.34e-02 median 3.31e-02 (33s)
[17:53:07] sweep fno      n=  250 seed=2: mean 1.08e-02 median 5.76e-03 (85s)
[17:53:42] sweep deeponet n=  500 seed=0: mean 2.45e-02 median 1.37e-02 (35s)
[17:55:11] sweep fno      n=  500 seed=0: mean 7.35e-03 median 4.37e-03 (88s)
[17:55:46] sweep deeponet n=  500 seed=1: mean 2.29e-02 median 1.29e-02 (35s)
[17:57:15] sweep fno      n=  500 seed=1: mean 6.81e-03 median 3.78e-03 (89s)
[17:57:48] sweep deeponet n=  500 seed=2: mean 2.35e-02 median 1.29e-02 (33s)
[17:59:10] sweep fno      n=  500 seed=2: mean 7.19e-03 median 4.07e-03 (81s)
[17:59:43] sweep deeponet n= 1000 seed=0: mean 1.35e-02 median 7.38e-03 (33s)
[18:01:06] sweep fno      n= 1000 seed=0: mean 5.76e-03 median 3.27e-03 (83s)
[18:01:40] sweep deeponet n= 1000 seed=1: mean 1.60e-02 median 8.96e-03 (34s)
[18:03:02] sweep fno      n= 1000 seed=1: mean 6.08e-03 median 3.16e-03 (82s)
[18:03:35] sweep deeponet n= 1000 seed=2: mean 1.35e-02 median 7.90e-03 (33s)
[18:04:54] sweep fno      n= 1000 seed=2: mean 5.62e-03 median 3.51e-03 (79s)
[18:05:26] sweep deeponet n= 2000 seed=0: mean 9.86e-03 median 6.37e-03 (32s)
[18:06:44] sweep fno      n= 2000 seed=0: mean 5.34e-03 median 2.93e-03 (79s)
[18:07:17] sweep deeponet n= 2000 seed=1: mean 9.75e-03 median 5.84e-03 (32s)
[18:08:37] sweep fno      n= 2000 seed=1: mean 4.86e-03 median 2.73e-03 (80s)
[18:09:10] sweep deeponet n= 2000 seed=2: mean 9.84e-03 median 6.07e-03 (33s)
[18:10:35] sweep fno      n= 2000 seed=2: mean 5.21e-03 median 2.89e-03 (84s)
[18:10:40] shift and resolution evaluation done
[18:11:31] PINN train         strong #0: rel L2 1.59e-05 (50s)
[18:12:20] PINN train         strong #1: rel L2 2.36e-05 (48s)
[18:13:18] PINN train         strong #2: rel L2 5.39e-05 (58s)
[18:14:35] PINN train         strong #3: rel L2 1.18e-05 (77s)
[18:15:23] PINN train         strong #4: rel L2 4.32e-06 (48s)
[18:16:02] PINN train         mixed  #0: rel L2 3.65e-04 (38s)
[18:16:41] PINN train         mixed  #1: rel L2 1.35e-04 (39s)
[18:17:18] PINN train         mixed  #2: rel L2 6.02e-04 (37s)
[18:17:56] PINN train         mixed  #3: rel L2 3.19e-04 (37s)
[18:18:32] PINN train         mixed  #4: rel L2 8.40e-04 (36s)
[18:19:20] PINN rough         strong #0: rel L2 6.29e-01 (48s)
[18:20:09] PINN rough         strong #1: rel L2 2.79e-01 (49s)
[18:21:17] PINN rough         strong #2: rel L2 8.97e-01 (67s)
[18:22:07] PINN rough         strong #3: rel L2 1.41e-01 (50s)
[18:22:58] PINN rough         strong #4: rel L2 3.32e-01 (51s)
[18:23:36] PINN rough         mixed  #0: rel L2 1.52e-03 (38s)
[18:24:14] PINN rough         mixed  #1: rel L2 1.32e-03 (37s)
[18:24:51] PINN rough         mixed  #2: rel L2 2.85e-03 (37s)
[18:25:29] PINN rough         mixed  #3: rel L2 1.40e-02 (38s)
[18:26:08] PINN rough         mixed  #4: rel L2 3.95e-03 (39s)
[18:27:27] PINN high-contrast strong #0: rel L2 3.56e-04 (80s)
[18:28:19] PINN high-contrast strong #1: rel L2 7.97e-03 (52s)
[18:29:09] PINN high-contrast strong #2: rel L2 1.88e-02 (50s)
[18:30:46] PINN high-contrast strong #3: rel L2 6.06e-01 (96s)
[18:31:52] PINN high-contrast strong #4: rel L2 2.50e-05 (66s)
[18:32:31] PINN high-contrast mixed  #0: rel L2 7.60e-04 (39s)
[18:33:10] PINN high-contrast mixed  #1: rel L2 1.11e-04 (39s)
[18:33:49] PINN high-contrast mixed  #2: rel L2 7.44e-03 (39s)
[18:34:29] PINN high-contrast mixed  #3: rel L2 2.59e-03 (39s)
[18:35:09] PINN high-contrast mixed  #4: rel L2 6.61e-04 (40s)
[18:35:41] PINN piecewise     mixed  #0: rel L2 2.62e-03 (32s)
[18:36:14] PINN piecewise     mixed  #1: rel L2 3.23e-03 (33s)
[18:36:46] PINN piecewise     mixed  #2: rel L2 3.65e-03 (32s)
[18:37:19] PINN piecewise     mixed  #3: rel L2 8.66e-03 (32s)
[18:37:51] PINN piecewise     mixed  #4: rel L2 8.25e-03 (32s)
[18:37:54] timing done
[18:37:54] all done
